1 true
2 true
3 true
4 true
5 true
--
1 true
2 true
3 true
4 true
5 true
--
3 true
--
1 true
2 true
3 true
