a cat has 4 legs.
a dog has 4 legs.
a human has 2 legs.
a bird has 2 legs.
Oh, a bird has wings!
