-1
[100:-123, "key2":"value2", "key1":2]
size=3
b=2
[100:-123, "key2":"value2"]
b=1
[100:-123]
b=0
[]
c=0
[]
