4.141593
-2.141593
3.141593
0.318310
string conversion
0.318310
