k=2
v=2
k=1
v=1
k=0
v=0
sum = 3
sum = 3
i=0
i=1
i=2
i=3
i=4
i=5
i=6
i=7
i=8
i=9
