0番目の配列の中身はarray0
1番目の配列の中身はarray1
2番目の配列の中身はarray2
3番目の配列の中身はarray3
4番目の配列の中身はarray4
5番目の配列の中身はarray5
6番目の配列の中身はarray6
7番目の配列の中身はarray7
8番目の配列の中身はarray8
9番目の配列の中身はarray9
